ERROR - 2026-10-09 17:41:24 --> Error connecting to the database: mysqli_sql_exception: No connection could be made because the target machine actively refused it in C:\Users\ASUSVIVOBOOK\Desktop\xampp fr\htdocs\webtech_tfa3\vendor\codeigniter4\framework\system\Database\MySQLi\Connection.php:201
Stack trace:
#0 C:\Users\ASUSVIVOBOOK\Desktop\xampp fr\htdocs\webtech_tfa3\vendor\codeigniter4\framework\system\Database\MySQLi\Connection.php(201): mysqli->real_connect('localhost', 'root', Object(SensitiveParameterValue), 'webtech_tfa3', 3306, '', 0)
#1 C:\Users\ASUSVIVOBOOK\Desktop\xampp fr\htdocs\webtech_tfa3\vendor\codeigniter4\framework\system\Database\BaseConnection.php(555): CodeIgniter\Database\MySQLi\Connection->connect(false)
#2 C:\Users\ASUSVIVOBOOK\Desktop\xampp fr\htdocs\webtech_tfa3\vendor\codeigniter4\framework\system\Database\BaseConnection.php(795): CodeIgniter\Database\BaseConnection->initialize()
#3 C:\Users\ASUSVIVOBOOK\Desktop\xampp fr\htdocs\webtech_tfa3\vendor\codeigniter4\framework\system\Database\BaseBuilder.php(1659): CodeIgniter\Database\BaseConnection->query('SELECT *\nFROM `...', Array, false)
#4 C:\Users\ASUSVIVOBOOK\Desktop\xampp fr\htdocs\webtech_tfa3\vendor\codeigniter4\framework\system\Model.php(255): CodeIgniter\Database\BaseBuilder->get()
#5 C:\Users\ASUSVIVOBOOK\Desktop\xampp fr\htdocs\webtech_tfa3\vendor\codeigniter4\framework\system\BaseModel.php(676): CodeIgniter\Model->doFindAll(0, 0)
#6 C:\Users\ASUSVIVOBOOK\Desktop\xampp fr\htdocs\webtech_tfa3\app\Controllers\Users.php(22): CodeIgniter\BaseModel->findAll()
#7 C:\Users\ASUSVIVOBOOK\Desktop\xampp fr\htdocs\webtech_tfa3\vendor\codeigniter4\framework\system\CodeIgniter.php(974): App\Controllers\Users->index()
#8 C:\Users\ASUSVIVOBOOK\Desktop\xampp fr\htdocs\webtech_tfa3\vendor\codeigniter4\framework\system\CodeIgniter.php(520): CodeIgniter\CodeIgniter->runController(Object(App\Controllers\Users))
#9 C:\Users\ASUSVIVOBOOK\Desktop\xampp fr\htdocs\webtech_tfa3\vendor\codeigniter4\framework\system\CodeIgniter.php(363): CodeIgniter\CodeIgniter->handleRequest(NULL, Object(Config\Cache), false)
#10 C:\Users\ASUSVIVOBOOK\Desktop\xampp fr\htdocs\webtech_tfa3\vendor\codeigniter4\framework\system\Boot.php(417): CodeIgniter\CodeIgniter->run()
#11 C:\Users\ASUSVIVOBOOK\Desktop\xampp fr\htdocs\webtech_tfa3\vendor\codeigniter4\framework\system\Boot.php(68): CodeIgniter\Boot::runCodeIgniter(Object(CodeIgniter\CodeIgniter))
#12 C:\Users\ASUSVIVOBOOK\Desktop\xampp fr\htdocs\webtech_tfa3\public\index.php(59): CodeIgniter\Boot::bootWeb(Object(Config\Paths))
#13 {main}

Next CodeIgniter\Database\Exceptions\DatabaseException: No connection could be made because the target machine actively refused it in C:\Users\ASUSVIVOBOOK\Desktop\xampp fr\htdocs\webtech_tfa3\vendor\codeigniter4\framework\system\Database\MySQLi\Connection.php:231
Stack trace:
#0 C:\Users\ASUSVIVOBOOK\Desktop\xampp fr\htdocs\webtech_tfa3\vendor\codeigniter4\framework\system\Database\BaseConnection.php(555): CodeIgniter\Database\MySQLi\Connection->connect(false)
#1 C:\Users\ASUSVIVOBOOK\Desktop\xampp fr\htdocs\webtech_tfa3\vendor\codeigniter4\framework\system\Database\BaseConnection.php(795): CodeIgniter\Database\BaseConnection->initialize()
#2 C:\Users\ASUSVIVOBOOK\Desktop\xampp fr\htdocs\webtech_tfa3\vendor\codeigniter4\framework\system\Database\BaseBuilder.php(1659): CodeIgniter\Database\BaseConnection->query('SELECT *\nFROM `...', Array, false)
#3 C:\Users\ASUSVIVOBOOK\Desktop\xampp fr\htdocs\webtech_tfa3\vendor\codeigniter4\framework\system\Model.php(255): CodeIgniter\Database\BaseBuilder->get()
#4 C:\Users\ASUSVIVOBOOK\Desktop\xampp fr\htdocs\webtech_tfa3\vendor\codeigniter4\framework\system\BaseModel.php(676): CodeIgniter\Model->doFindAll(0, 0)
#5 C:\Users\ASUSVIVOBOOK\Desktop\xampp fr\htdocs\webtech_tfa3\app\Controllers\Users.php(22): CodeIgniter\BaseModel->findAll()
#6 C:\Users\ASUSVIVOBOOK\Desktop\xampp fr\htdocs\webtech_tfa3\vendor\codeigniter4\framework\system\CodeIgniter.php(974): App\Controllers\Users->index()
#7 C:\Users\ASUSVIVOBOOK\Desktop\xampp fr\htdocs\webtech_tfa3\vendor\codeigniter4\framework\system\CodeIgniter.php(520): CodeIgniter\CodeIgniter->runController(Object(App\Controllers\Users))
#8 C:\Users\ASUSVIVOBOOK\Desktop\xampp fr\htdocs\webtech_tfa3\vendor\codeigniter4\framework\system\CodeIgniter.php(363): CodeIgniter\CodeIgniter->handleRequest(NULL, Object(Config\Cache), false)
#9 C:\Users\ASUSVIVOBOOK\Desktop\xampp fr\htdocs\webtech_tfa3\vendor\codeigniter4\framework\system\Boot.php(417): CodeIgniter\CodeIgniter->run()
#10 C:\Users\ASUSVIVOBOOK\Desktop\xampp fr\htdocs\webtech_tfa3\vendor\codeigniter4\framework\system\Boot.php(68): CodeIgniter\Boot::runCodeIgniter(Object(CodeIgniter\CodeIgniter))
#11 C:\Users\ASUSVIVOBOOK\Desktop\xampp fr\htdocs\webtech_tfa3\public\index.php(59): CodeIgniter\Boot::bootWeb(Object(Config\Paths))
#12 {main}
CRITICAL - 2026-10-09 17:41:24 --> CodeIgniter\Database\Exceptions\DatabaseException: Unable to connect to the database.
Main connection [MySQLi]: No connection could be made because the target machine actively refused it
[Method: GET, Route: users]
in SYSTEMPATH\Database\BaseConnection.php on line 606.
 1 SYSTEMPATH\Database\BaseConnection.php(795): CodeIgniter\Database\BaseConnection->initialize()
 2 SYSTEMPATH\Database\BaseBuilder.php(1659): CodeIgniter\Database\BaseConnection->query('SELECT *
FROM `users`
ORDER BY `id`', [], false)
 3 SYSTEMPATH\Model.php(255): CodeIgniter\Database\BaseBuilder->get()
 4 SYSTEMPATH\BaseModel.php(676): CodeIgniter\Model->doFindAll(0, 0)
 5 APPPATH\Controllers\Users.php(22): CodeIgniter\BaseModel->findAll()
 6 SYSTEMPATH\CodeIgniter.php(974): App\Controllers\Users->index()
 7 SYSTEMPATH\CodeIgniter.php(520): CodeIgniter\CodeIgniter->runController(Object(App\Controllers\Users))
 8 SYSTEMPATH\CodeIgniter.php(363): CodeIgniter\CodeIgniter->handleRequest(null, Object(Config\Cache), false)
 9 SYSTEMPATH\Boot.php(417): CodeIgniter\CodeIgniter->run()
10 SYSTEMPATH\Boot.php(68): CodeIgniter\Boot::runCodeIgniter(Object(CodeIgniter\CodeIgniter))
11 FCPATH\index.php(59): CodeIgniter\Boot::bootWeb(Object(Config\Paths))
ERROR - 2026-10-09 17:41:40 --> Error connecting to the database: mysqli_sql_exception: No connection could be made because the target machine actively refused it in C:\Users\ASUSVIVOBOOK\Desktop\xampp fr\htdocs\webtech_tfa3\vendor\codeigniter4\framework\system\Database\MySQLi\Connection.php:201
Stack trace:
#0 C:\Users\ASUSVIVOBOOK\Desktop\xampp fr\htdocs\webtech_tfa3\vendor\codeigniter4\framework\system\Database\MySQLi\Connection.php(201): mysqli->real_connect('localhost', 'root', Object(SensitiveParameterValue), 'webtech_tfa3', 3306, '', 0)
#1 C:\Users\ASUSVIVOBOOK\Desktop\xampp fr\htdocs\webtech_tfa3\vendor\codeigniter4\framework\system\Database\BaseConnection.php(555): CodeIgniter\Database\MySQLi\Connection->connect(false)
#2 C:\Users\ASUSVIVOBOOK\Desktop\xampp fr\htdocs\webtech_tfa3\vendor\codeigniter4\framework\system\Database\BaseConnection.php(795): CodeIgniter\Database\BaseConnection->initialize()
#3 C:\Users\ASUSVIVOBOOK\Desktop\xampp fr\htdocs\webtech_tfa3\vendor\codeigniter4\framework\system\Database\BaseBuilder.php(1659): CodeIgniter\Database\BaseConnection->query('SELECT *\nFROM `...', Array, false)
#4 C:\Users\ASUSVIVOBOOK\Desktop\xampp fr\htdocs\webtech_tfa3\vendor\codeigniter4\framework\system\Model.php(255): CodeIgniter\Database\BaseBuilder->get()
#5 C:\Users\ASUSVIVOBOOK\Desktop\xampp fr\htdocs\webtech_tfa3\vendor\codeigniter4\framework\system\BaseModel.php(676): CodeIgniter\Model->doFindAll(0, 0)
#6 C:\Users\ASUSVIVOBOOK\Desktop\xampp fr\htdocs\webtech_tfa3\app\Controllers\Users.php(22): CodeIgniter\BaseModel->findAll()
#7 C:\Users\ASUSVIVOBOOK\Desktop\xampp fr\htdocs\webtech_tfa3\vendor\codeigniter4\framework\system\CodeIgniter.php(974): App\Controllers\Users->index()
#8 C:\Users\ASUSVIVOBOOK\Desktop\xampp fr\htdocs\webtech_tfa3\vendor\codeigniter4\framework\system\CodeIgniter.php(520): CodeIgniter\CodeIgniter->runController(Object(App\Controllers\Users))
#9 C:\Users\ASUSVIVOBOOK\Desktop\xampp fr\htdocs\webtech_tfa3\vendor\codeigniter4\framework\system\CodeIgniter.php(363): CodeIgniter\CodeIgniter->handleRequest(NULL, Object(Config\Cache), false)
#10 C:\Users\ASUSVIVOBOOK\Desktop\xampp fr\htdocs\webtech_tfa3\vendor\codeigniter4\framework\system\Boot.php(417): CodeIgniter\CodeIgniter->run()
#11 C:\Users\ASUSVIVOBOOK\Desktop\xampp fr\htdocs\webtech_tfa3\vendor\codeigniter4\framework\system\Boot.php(68): CodeIgniter\Boot::runCodeIgniter(Object(CodeIgniter\CodeIgniter))
#12 C:\Users\ASUSVIVOBOOK\Desktop\xampp fr\htdocs\webtech_tfa3\public\index.php(59): CodeIgniter\Boot::bootWeb(Object(Config\Paths))
#13 {main}

Next CodeIgniter\Database\Exceptions\DatabaseException: No connection could be made because the target machine actively refused it in C:\Users\ASUSVIVOBOOK\Desktop\xampp fr\htdocs\webtech_tfa3\vendor\codeigniter4\framework\system\Database\MySQLi\Connection.php:231
Stack trace:
#0 C:\Users\ASUSVIVOBOOK\Desktop\xampp fr\htdocs\webtech_tfa3\vendor\codeigniter4\framework\system\Database\BaseConnection.php(555): CodeIgniter\Database\MySQLi\Connection->connect(false)
#1 C:\Users\ASUSVIVOBOOK\Desktop\xampp fr\htdocs\webtech_tfa3\vendor\codeigniter4\framework\system\Database\BaseConnection.php(795): CodeIgniter\Database\BaseConnection->initialize()
#2 C:\Users\ASUSVIVOBOOK\Desktop\xampp fr\htdocs\webtech_tfa3\vendor\codeigniter4\framework\system\Database\BaseBuilder.php(1659): CodeIgniter\Database\BaseConnection->query('SELECT *\nFROM `...', Array, false)
#3 C:\Users\ASUSVIVOBOOK\Desktop\xampp fr\htdocs\webtech_tfa3\vendor\codeigniter4\framework\system\Model.php(255): CodeIgniter\Database\BaseBuilder->get()
#4 C:\Users\ASUSVIVOBOOK\Desktop\xampp fr\htdocs\webtech_tfa3\vendor\codeigniter4\framework\system\BaseModel.php(676): CodeIgniter\Model->doFindAll(0, 0)
#5 C:\Users\ASUSVIVOBOOK\Desktop\xampp fr\htdocs\webtech_tfa3\app\Controllers\Users.php(22): CodeIgniter\BaseModel->findAll()
#6 C:\Users\ASUSVIVOBOOK\Desktop\xampp fr\htdocs\webtech_tfa3\vendor\codeigniter4\framework\system\CodeIgniter.php(974): App\Controllers\Users->index()
#7 C:\Users\ASUSVIVOBOOK\Desktop\xampp fr\htdocs\webtech_tfa3\vendor\codeigniter4\framework\system\CodeIgniter.php(520): CodeIgniter\CodeIgniter->runController(Object(App\Controllers\Users))
#8 C:\Users\ASUSVIVOBOOK\Desktop\xampp fr\htdocs\webtech_tfa3\vendor\codeigniter4\framework\system\CodeIgniter.php(363): CodeIgniter\CodeIgniter->handleRequest(NULL, Object(Config\Cache), false)
#9 C:\Users\ASUSVIVOBOOK\Desktop\xampp fr\htdocs\webtech_tfa3\vendor\codeigniter4\framework\system\Boot.php(417): CodeIgniter\CodeIgniter->run()
#10 C:\Users\ASUSVIVOBOOK\Desktop\xampp fr\htdocs\webtech_tfa3\vendor\codeigniter4\framework\system\Boot.php(68): CodeIgniter\Boot::runCodeIgniter(Object(CodeIgniter\CodeIgniter))
#11 C:\Users\ASUSVIVOBOOK\Desktop\xampp fr\htdocs\webtech_tfa3\public\index.php(59): CodeIgniter\Boot::bootWeb(Object(Config\Paths))
#12 {main}
CRITICAL - 2026-10-09 17:41:40 --> CodeIgniter\Database\Exceptions\DatabaseException: Unable to connect to the database.
Main connection [MySQLi]: No connection could be made because the target machine actively refused it
[Method: GET, Route: users]
in SYSTEMPATH\Database\BaseConnection.php on line 606.
 1 SYSTEMPATH\Database\BaseConnection.php(795): CodeIgniter\Database\BaseConnection->initialize()
 2 SYSTEMPATH\Database\BaseBuilder.php(1659): CodeIgniter\Database\BaseConnection->query('SELECT *
FROM `users`
ORDER BY `id`', [], false)
 3 SYSTEMPATH\Model.php(255): CodeIgniter\Database\BaseBuilder->get()
 4 SYSTEMPATH\BaseModel.php(676): CodeIgniter\Model->doFindAll(0, 0)
 5 APPPATH\Controllers\Users.php(22): CodeIgniter\BaseModel->findAll()
 6 SYSTEMPATH\CodeIgniter.php(974): App\Controllers\Users->index()
 7 SYSTEMPATH\CodeIgniter.php(520): CodeIgniter\CodeIgniter->runController(Object(App\Controllers\Users))
 8 SYSTEMPATH\CodeIgniter.php(363): CodeIgniter\CodeIgniter->handleRequest(null, Object(Config\Cache), false)
 9 SYSTEMPATH\Boot.php(417): CodeIgniter\CodeIgniter->run()
10 SYSTEMPATH\Boot.php(68): CodeIgniter\Boot::runCodeIgniter(Object(CodeIgniter\CodeIgniter))
11 FCPATH\index.php(59): CodeIgniter\Boot::bootWeb(Object(Config\Paths))
ERROR - 2026-10-09 17:41:55 --> Error connecting to the database: mysqli_sql_exception: No connection could be made because the target machine actively refused it in C:\Users\ASUSVIVOBOOK\Desktop\xampp fr\htdocs\webtech_tfa3\vendor\codeigniter4\framework\system\Database\MySQLi\Connection.php:201
Stack trace:
#0 C:\Users\ASUSVIVOBOOK\Desktop\xampp fr\htdocs\webtech_tfa3\vendor\codeigniter4\framework\system\Database\MySQLi\Connection.php(201): mysqli->real_connect('localhost', 'root', Object(SensitiveParameterValue), 'webtech_tfa3', 3306, '', 0)
#1 C:\Users\ASUSVIVOBOOK\Desktop\xampp fr\htdocs\webtech_tfa3\vendor\codeigniter4\framework\system\Database\BaseConnection.php(555): CodeIgniter\Database\MySQLi\Connection->connect(false)
#2 C:\Users\ASUSVIVOBOOK\Desktop\xampp fr\htdocs\webtech_tfa3\vendor\codeigniter4\framework\system\Database\BaseConnection.php(795): CodeIgniter\Database\BaseConnection->initialize()
#3 C:\Users\ASUSVIVOBOOK\Desktop\xampp fr\htdocs\webtech_tfa3\vendor\codeigniter4\framework\system\Database\BaseBuilder.php(1659): CodeIgniter\Database\BaseConnection->query('SELECT *\nFROM `...', Array, false)
#4 C:\Users\ASUSVIVOBOOK\Desktop\xampp fr\htdocs\webtech_tfa3\vendor\codeigniter4\framework\system\Model.php(255): CodeIgniter\Database\BaseBuilder->get()
#5 C:\Users\ASUSVIVOBOOK\Desktop\xampp fr\htdocs\webtech_tfa3\vendor\codeigniter4\framework\system\BaseModel.php(676): CodeIgniter\Model->doFindAll(0, 0)
#6 C:\Users\ASUSVIVOBOOK\Desktop\xampp fr\htdocs\webtech_tfa3\app\Controllers\Customers.php(22): CodeIgniter\BaseModel->findAll()
#7 C:\Users\ASUSVIVOBOOK\Desktop\xampp fr\htdocs\webtech_tfa3\vendor\codeigniter4\framework\system\CodeIgniter.php(974): App\Controllers\Customers->index()
#8 C:\Users\ASUSVIVOBOOK\Desktop\xampp fr\htdocs\webtech_tfa3\vendor\codeigniter4\framework\system\CodeIgniter.php(520): CodeIgniter\CodeIgniter->runController(Object(App\Controllers\Customers))
#9 C:\Users\ASUSVIVOBOOK\Desktop\xampp fr\htdocs\webtech_tfa3\vendor\codeigniter4\framework\system\CodeIgniter.php(363): CodeIgniter\CodeIgniter->handleRequest(NULL, Object(Config\Cache), false)
#10 C:\Users\ASUSVIVOBOOK\Desktop\xampp fr\htdocs\webtech_tfa3\vendor\codeigniter4\framework\system\Boot.php(417): CodeIgniter\CodeIgniter->run()
#11 C:\Users\ASUSVIVOBOOK\Desktop\xampp fr\htdocs\webtech_tfa3\vendor\codeigniter4\framework\system\Boot.php(68): CodeIgniter\Boot::runCodeIgniter(Object(CodeIgniter\CodeIgniter))
#12 C:\Users\ASUSVIVOBOOK\Desktop\xampp fr\htdocs\webtech_tfa3\public\index.php(59): CodeIgniter\Boot::bootWeb(Object(Config\Paths))
#13 {main}

Next CodeIgniter\Database\Exceptions\DatabaseException: No connection could be made because the target machine actively refused it in C:\Users\ASUSVIVOBOOK\Desktop\xampp fr\htdocs\webtech_tfa3\vendor\codeigniter4\framework\system\Database\MySQLi\Connection.php:231
Stack trace:
#0 C:\Users\ASUSVIVOBOOK\Desktop\xampp fr\htdocs\webtech_tfa3\vendor\codeigniter4\framework\system\Database\BaseConnection.php(555): CodeIgniter\Database\MySQLi\Connection->connect(false)
#1 C:\Users\ASUSVIVOBOOK\Desktop\xampp fr\htdocs\webtech_tfa3\vendor\codeigniter4\framework\system\Database\BaseConnection.php(795): CodeIgniter\Database\BaseConnection->initialize()
#2 C:\Users\ASUSVIVOBOOK\Desktop\xampp fr\htdocs\webtech_tfa3\vendor\codeigniter4\framework\system\Database\BaseBuilder.php(1659): CodeIgniter\Database\BaseConnection->query('SELECT *\nFROM `...', Array, false)
#3 C:\Users\ASUSVIVOBOOK\Desktop\xampp fr\htdocs\webtech_tfa3\vendor\codeigniter4\framework\system\Model.php(255): CodeIgniter\Database\BaseBuilder->get()
#4 C:\Users\ASUSVIVOBOOK\Desktop\xampp fr\htdocs\webtech_tfa3\vendor\codeigniter4\framework\system\BaseModel.php(676): CodeIgniter\Model->doFindAll(0, 0)
#5 C:\Users\ASUSVIVOBOOK\Desktop\xampp fr\htdocs\webtech_tfa3\app\Controllers\Customers.php(22): CodeIgniter\BaseModel->findAll()
#6 C:\Users\ASUSVIVOBOOK\Desktop\xampp fr\htdocs\webtech_tfa3\vendor\codeigniter4\framework\system\CodeIgniter.php(974): App\Controllers\Customers->index()
#7 C:\Users\ASUSVIVOBOOK\Desktop\xampp fr\htdocs\webtech_tfa3\vendor\codeigniter4\framework\system\CodeIgniter.php(520): CodeIgniter\CodeIgniter->runController(Object(App\Controllers\Customers))
#8 C:\Users\ASUSVIVOBOOK\Desktop\xampp fr\htdocs\webtech_tfa3\vendor\codeigniter4\framework\system\CodeIgniter.php(363): CodeIgniter\CodeIgniter->handleRequest(NULL, Object(Config\Cache), false)
#9 C:\Users\ASUSVIVOBOOK\Desktop\xampp fr\htdocs\webtech_tfa3\vendor\codeigniter4\framework\system\Boot.php(417): CodeIgniter\CodeIgniter->run()
#10 C:\Users\ASUSVIVOBOOK\Desktop\xampp fr\htdocs\webtech_tfa3\vendor\codeigniter4\framework\system\Boot.php(68): CodeIgniter\Boot::runCodeIgniter(Object(CodeIgniter\CodeIgniter))
#11 C:\Users\ASUSVIVOBOOK\Desktop\xampp fr\htdocs\webtech_tfa3\public\index.php(59): CodeIgniter\Boot::bootWeb(Object(Config\Paths))
#12 {main}
CRITICAL - 2026-10-09 17:41:55 --> CodeIgniter\Database\Exceptions\DatabaseException: Unable to connect to the database.
Main connection [MySQLi]: No connection could be made because the target machine actively refused it
[Method: GET, Route: customers]
in SYSTEMPATH\Database\BaseConnection.php on line 606.
 1 SYSTEMPATH\Database\BaseConnection.php(795): CodeIgniter\Database\BaseConnection->initialize()
 2 SYSTEMPATH\Database\BaseBuilder.php(1659): CodeIgniter\Database\BaseConnection->query('SELECT *
FROM `customers`
ORDER BY `id`', [], false)
 3 SYSTEMPATH\Model.php(255): CodeIgniter\Database\BaseBuilder->get()
 4 SYSTEMPATH\BaseModel.php(676): CodeIgniter\Model->doFindAll(0, 0)
 5 APPPATH\Controllers\Customers.php(22): CodeIgniter\BaseModel->findAll()
 6 SYSTEMPATH\CodeIgniter.php(974): App\Controllers\Customers->index()
 7 SYSTEMPATH\CodeIgniter.php(520): CodeIgniter\CodeIgniter->runController(Object(App\Controllers\Customers))
 8 SYSTEMPATH\CodeIgniter.php(363): CodeIgniter\CodeIgniter->handleRequest(null, Object(Config\Cache), false)
 9 SYSTEMPATH\Boot.php(417): CodeIgniter\CodeIgniter->run()
10 SYSTEMPATH\Boot.php(68): CodeIgniter\Boot::runCodeIgniter(Object(CodeIgniter\CodeIgniter))
11 FCPATH\index.php(59): CodeIgniter\Boot::bootWeb(Object(Config\Paths))
ERROR - 2026-10-09 17:48:37 --> Error connecting to the database: mysqli_sql_exception: No connection could be made because the target machine actively refused it in C:\Users\ASUSVIVOBOOK\Desktop\xampp fr\htdocs\webtech_tfa3\vendor\codeigniter4\framework\system\Database\MySQLi\Connection.php:201
Stack trace:
#0 C:\Users\ASUSVIVOBOOK\Desktop\xampp fr\htdocs\webtech_tfa3\vendor\codeigniter4\framework\system\Database\MySQLi\Connection.php(201): mysqli->real_connect('localhost', 'root', Object(SensitiveParameterValue), 'webtech_tfa3', 3306, '', 0)
#1 C:\Users\ASUSVIVOBOOK\Desktop\xampp fr\htdocs\webtech_tfa3\vendor\codeigniter4\framework\system\Database\BaseConnection.php(555): CodeIgniter\Database\MySQLi\Connection->connect(false)
#2 C:\Users\ASUSVIVOBOOK\Desktop\xampp fr\htdocs\webtech_tfa3\vendor\codeigniter4\framework\system\Database\BaseConnection.php(795): CodeIgniter\Database\BaseConnection->initialize()
#3 C:\Users\ASUSVIVOBOOK\Desktop\xampp fr\htdocs\webtech_tfa3\vendor\codeigniter4\framework\system\Database\BaseBuilder.php(1659): CodeIgniter\Database\BaseConnection->query('SELECT *\nFROM `...', Array, false)
#4 C:\Users\ASUSVIVOBOOK\Desktop\xampp fr\htdocs\webtech_tfa3\vendor\codeigniter4\framework\system\Model.php(255): CodeIgniter\Database\BaseBuilder->get()
#5 C:\Users\ASUSVIVOBOOK\Desktop\xampp fr\htdocs\webtech_tfa3\vendor\codeigniter4\framework\system\BaseModel.php(676): CodeIgniter\Model->doFindAll(0, 0)
#6 C:\Users\ASUSVIVOBOOK\Desktop\xampp fr\htdocs\webtech_tfa3\app\Controllers\Customers.php(22): CodeIgniter\BaseModel->findAll()
#7 C:\Users\ASUSVIVOBOOK\Desktop\xampp fr\htdocs\webtech_tfa3\vendor\codeigniter4\framework\system\CodeIgniter.php(974): App\Controllers\Customers->index()
#8 C:\Users\ASUSVIVOBOOK\Desktop\xampp fr\htdocs\webtech_tfa3\vendor\codeigniter4\framework\system\CodeIgniter.php(520): CodeIgniter\CodeIgniter->runController(Object(App\Controllers\Customers))
#9 C:\Users\ASUSVIVOBOOK\Desktop\xampp fr\htdocs\webtech_tfa3\vendor\codeigniter4\framework\system\CodeIgniter.php(363): CodeIgniter\CodeIgniter->handleRequest(NULL, Object(Config\Cache), false)
#10 C:\Users\ASUSVIVOBOOK\Desktop\xampp fr\htdocs\webtech_tfa3\vendor\codeigniter4\framework\system\Boot.php(417): CodeIgniter\CodeIgniter->run()
#11 C:\Users\ASUSVIVOBOOK\Desktop\xampp fr\htdocs\webtech_tfa3\vendor\codeigniter4\framework\system\Boot.php(68): CodeIgniter\Boot::runCodeIgniter(Object(CodeIgniter\CodeIgniter))
#12 C:\Users\ASUSVIVOBOOK\Desktop\xampp fr\htdocs\webtech_tfa3\public\index.php(59): CodeIgniter\Boot::bootWeb(Object(Config\Paths))
#13 {main}

Next CodeIgniter\Database\Exceptions\DatabaseException: No connection could be made because the target machine actively refused it in C:\Users\ASUSVIVOBOOK\Desktop\xampp fr\htdocs\webtech_tfa3\vendor\codeigniter4\framework\system\Database\MySQLi\Connection.php:231
Stack trace:
#0 C:\Users\ASUSVIVOBOOK\Desktop\xampp fr\htdocs\webtech_tfa3\vendor\codeigniter4\framework\system\Database\BaseConnection.php(555): CodeIgniter\Database\MySQLi\Connection->connect(false)
#1 C:\Users\ASUSVIVOBOOK\Desktop\xampp fr\htdocs\webtech_tfa3\vendor\codeigniter4\framework\system\Database\BaseConnection.php(795): CodeIgniter\Database\BaseConnection->initialize()
#2 C:\Users\ASUSVIVOBOOK\Desktop\xampp fr\htdocs\webtech_tfa3\vendor\codeigniter4\framework\system\Database\BaseBuilder.php(1659): CodeIgniter\Database\BaseConnection->query('SELECT *\nFROM `...', Array, false)
#3 C:\Users\ASUSVIVOBOOK\Desktop\xampp fr\htdocs\webtech_tfa3\vendor\codeigniter4\framework\system\Model.php(255): CodeIgniter\Database\BaseBuilder->get()
#4 C:\Users\ASUSVIVOBOOK\Desktop\xampp fr\htdocs\webtech_tfa3\vendor\codeigniter4\framework\system\BaseModel.php(676): CodeIgniter\Model->doFindAll(0, 0)
#5 C:\Users\ASUSVIVOBOOK\Desktop\xampp fr\htdocs\webtech_tfa3\app\Controllers\Customers.php(22): CodeIgniter\BaseModel->findAll()
#6 C:\Users\ASUSVIVOBOOK\Desktop\xampp fr\htdocs\webtech_tfa3\vendor\codeigniter4\framework\system\CodeIgniter.php(974): App\Controllers\Customers->index()
#7 C:\Users\ASUSVIVOBOOK\Desktop\xampp fr\htdocs\webtech_tfa3\vendor\codeigniter4\framework\system\CodeIgniter.php(520): CodeIgniter\CodeIgniter->runController(Object(App\Controllers\Customers))
#8 C:\Users\ASUSVIVOBOOK\Desktop\xampp fr\htdocs\webtech_tfa3\vendor\codeigniter4\framework\system\CodeIgniter.php(363): CodeIgniter\CodeIgniter->handleRequest(NULL, Object(Config\Cache), false)
#9 C:\Users\ASUSVIVOBOOK\Desktop\xampp fr\htdocs\webtech_tfa3\vendor\codeigniter4\framework\system\Boot.php(417): CodeIgniter\CodeIgniter->run()
#10 C:\Users\ASUSVIVOBOOK\Desktop\xampp fr\htdocs\webtech_tfa3\vendor\codeigniter4\framework\system\Boot.php(68): CodeIgniter\Boot::runCodeIgniter(Object(CodeIgniter\CodeIgniter))
#11 C:\Users\ASUSVIVOBOOK\Desktop\xampp fr\htdocs\webtech_tfa3\public\index.php(59): CodeIgniter\Boot::bootWeb(Object(Config\Paths))
#12 {main}
CRITICAL - 2026-10-09 17:48:37 --> CodeIgniter\Database\Exceptions\DatabaseException: Unable to connect to the database.
Main connection [MySQLi]: No connection could be made because the target machine actively refused it
[Method: GET, Route: customers]
in SYSTEMPATH\Database\BaseConnection.php on line 606.
 1 SYSTEMPATH\Database\BaseConnection.php(795): CodeIgniter\Database\BaseConnection->initialize()
 2 SYSTEMPATH\Database\BaseBuilder.php(1659): CodeIgniter\Database\BaseConnection->query('SELECT *
FROM `customers`
ORDER BY `id`', [], false)
 3 SYSTEMPATH\Model.php(255): CodeIgniter\Database\BaseBuilder->get()
 4 SYSTEMPATH\BaseModel.php(676): CodeIgniter\Model->doFindAll(0, 0)
 5 APPPATH\Controllers\Customers.php(22): CodeIgniter\BaseModel->findAll()
 6 SYSTEMPATH\CodeIgniter.php(974): App\Controllers\Customers->index()
 7 SYSTEMPATH\CodeIgniter.php(520): CodeIgniter\CodeIgniter->runController(Object(App\Controllers\Customers))
 8 SYSTEMPATH\CodeIgniter.php(363): CodeIgniter\CodeIgniter->handleRequest(null, Object(Config\Cache), false)
 9 SYSTEMPATH\Boot.php(417): CodeIgniter\CodeIgniter->run()
10 SYSTEMPATH\Boot.php(68): CodeIgniter\Boot::runCodeIgniter(Object(CodeIgniter\CodeIgniter))
11 FCPATH\index.php(59): CodeIgniter\Boot::bootWeb(Object(Config\Paths))
ERROR - 2026-10-09 17:49:21 --> Error connecting to the database: mysqli_sql_exception: No connection could be made because the target machine actively refused it in C:\Users\ASUSVIVOBOOK\Desktop\xampp fr\htdocs\webtech_tfa3\vendor\codeigniter4\framework\system\Database\MySQLi\Connection.php:201
Stack trace:
#0 C:\Users\ASUSVIVOBOOK\Desktop\xampp fr\htdocs\webtech_tfa3\vendor\codeigniter4\framework\system\Database\MySQLi\Connection.php(201): mysqli->real_connect('localhost', 'root', Object(SensitiveParameterValue), 'webtech_tfa3', 3306, '', 0)
#1 C:\Users\ASUSVIVOBOOK\Desktop\xampp fr\htdocs\webtech_tfa3\vendor\codeigniter4\framework\system\Database\BaseConnection.php(555): CodeIgniter\Database\MySQLi\Connection->connect(false)
#2 C:\Users\ASUSVIVOBOOK\Desktop\xampp fr\htdocs\webtech_tfa3\vendor\codeigniter4\framework\system\Database\BaseConnection.php(795): CodeIgniter\Database\BaseConnection->initialize()
#3 C:\Users\ASUSVIVOBOOK\Desktop\xampp fr\htdocs\webtech_tfa3\vendor\codeigniter4\framework\system\Database\BaseBuilder.php(1659): CodeIgniter\Database\BaseConnection->query('SELECT *\nFROM `...', Array, false)
#4 C:\Users\ASUSVIVOBOOK\Desktop\xampp fr\htdocs\webtech_tfa3\vendor\codeigniter4\framework\system\Model.php(255): CodeIgniter\Database\BaseBuilder->get()
#5 C:\Users\ASUSVIVOBOOK\Desktop\xampp fr\htdocs\webtech_tfa3\vendor\codeigniter4\framework\system\BaseModel.php(676): CodeIgniter\Model->doFindAll(0, 0)
#6 C:\Users\ASUSVIVOBOOK\Desktop\xampp fr\htdocs\webtech_tfa3\app\Controllers\Users.php(22): CodeIgniter\BaseModel->findAll()
#7 C:\Users\ASUSVIVOBOOK\Desktop\xampp fr\htdocs\webtech_tfa3\vendor\codeigniter4\framework\system\CodeIgniter.php(974): App\Controllers\Users->index()
#8 C:\Users\ASUSVIVOBOOK\Desktop\xampp fr\htdocs\webtech_tfa3\vendor\codeigniter4\framework\system\CodeIgniter.php(520): CodeIgniter\CodeIgniter->runController(Object(App\Controllers\Users))
#9 C:\Users\ASUSVIVOBOOK\Desktop\xampp fr\htdocs\webtech_tfa3\vendor\codeigniter4\framework\system\CodeIgniter.php(363): CodeIgniter\CodeIgniter->handleRequest(NULL, Object(Config\Cache), false)
#10 C:\Users\ASUSVIVOBOOK\Desktop\xampp fr\htdocs\webtech_tfa3\vendor\codeigniter4\framework\system\Boot.php(417): CodeIgniter\CodeIgniter->run()
#11 C:\Users\ASUSVIVOBOOK\Desktop\xampp fr\htdocs\webtech_tfa3\vendor\codeigniter4\framework\system\Boot.php(68): CodeIgniter\Boot::runCodeIgniter(Object(CodeIgniter\CodeIgniter))
#12 C:\Users\ASUSVIVOBOOK\Desktop\xampp fr\htdocs\webtech_tfa3\public\index.php(59): CodeIgniter\Boot::bootWeb(Object(Config\Paths))
#13 {main}

Next CodeIgniter\Database\Exceptions\DatabaseException: No connection could be made because the target machine actively refused it in C:\Users\ASUSVIVOBOOK\Desktop\xampp fr\htdocs\webtech_tfa3\vendor\codeigniter4\framework\system\Database\MySQLi\Connection.php:231
Stack trace:
#0 C:\Users\ASUSVIVOBOOK\Desktop\xampp fr\htdocs\webtech_tfa3\vendor\codeigniter4\framework\system\Database\BaseConnection.php(555): CodeIgniter\Database\MySQLi\Connection->connect(false)
#1 C:\Users\ASUSVIVOBOOK\Desktop\xampp fr\htdocs\webtech_tfa3\vendor\codeigniter4\framework\system\Database\BaseConnection.php(795): CodeIgniter\Database\BaseConnection->initialize()
#2 C:\Users\ASUSVIVOBOOK\Desktop\xampp fr\htdocs\webtech_tfa3\vendor\codeigniter4\framework\system\Database\BaseBuilder.php(1659): CodeIgniter\Database\BaseConnection->query('SELECT *\nFROM `...', Array, false)
#3 C:\Users\ASUSVIVOBOOK\Desktop\xampp fr\htdocs\webtech_tfa3\vendor\codeigniter4\framework\system\Model.php(255): CodeIgniter\Database\BaseBuilder->get()
#4 C:\Users\ASUSVIVOBOOK\Desktop\xampp fr\htdocs\webtech_tfa3\vendor\codeigniter4\framework\system\BaseModel.php(676): CodeIgniter\Model->doFindAll(0, 0)
#5 C:\Users\ASUSVIVOBOOK\Desktop\xampp fr\htdocs\webtech_tfa3\app\Controllers\Users.php(22): CodeIgniter\BaseModel->findAll()
#6 C:\Users\ASUSVIVOBOOK\Desktop\xampp fr\htdocs\webtech_tfa3\vendor\codeigniter4\framework\system\CodeIgniter.php(974): App\Controllers\Users->index()
#7 C:\Users\ASUSVIVOBOOK\Desktop\xampp fr\htdocs\webtech_tfa3\vendor\codeigniter4\framework\system\CodeIgniter.php(520): CodeIgniter\CodeIgniter->runController(Object(App\Controllers\Users))
#8 C:\Users\ASUSVIVOBOOK\Desktop\xampp fr\htdocs\webtech_tfa3\vendor\codeigniter4\framework\system\CodeIgniter.php(363): CodeIgniter\CodeIgniter->handleRequest(NULL, Object(Config\Cache), false)
#9 C:\Users\ASUSVIVOBOOK\Desktop\xampp fr\htdocs\webtech_tfa3\vendor\codeigniter4\framework\system\Boot.php(417): CodeIgniter\CodeIgniter->run()
#10 C:\Users\ASUSVIVOBOOK\Desktop\xampp fr\htdocs\webtech_tfa3\vendor\codeigniter4\framework\system\Boot.php(68): CodeIgniter\Boot::runCodeIgniter(Object(CodeIgniter\CodeIgniter))
#11 C:\Users\ASUSVIVOBOOK\Desktop\xampp fr\htdocs\webtech_tfa3\public\index.php(59): CodeIgniter\Boot::bootWeb(Object(Config\Paths))
#12 {main}
CRITICAL - 2026-10-09 17:49:21 --> CodeIgniter\Database\Exceptions\DatabaseException: Unable to connect to the database.
Main connection [MySQLi]: No connection could be made because the target machine actively refused it
[Method: GET, Route: users]
in SYSTEMPATH\Database\BaseConnection.php on line 606.
 1 SYSTEMPATH\Database\BaseConnection.php(795): CodeIgniter\Database\BaseConnection->initialize()
 2 SYSTEMPATH\Database\BaseBuilder.php(1659): CodeIgniter\Database\BaseConnection->query('SELECT *
FROM `users`
ORDER BY `id`', [], false)
 3 SYSTEMPATH\Model.php(255): CodeIgniter\Database\BaseBuilder->get()
 4 SYSTEMPATH\BaseModel.php(676): CodeIgniter\Model->doFindAll(0, 0)
 5 APPPATH\Controllers\Users.php(22): CodeIgniter\BaseModel->findAll()
 6 SYSTEMPATH\CodeIgniter.php(974): App\Controllers\Users->index()
 7 SYSTEMPATH\CodeIgniter.php(520): CodeIgniter\CodeIgniter->runController(Object(App\Controllers\Users))
 8 SYSTEMPATH\CodeIgniter.php(363): CodeIgniter\CodeIgniter->handleRequest(null, Object(Config\Cache), false)
 9 SYSTEMPATH\Boot.php(417): CodeIgniter\CodeIgniter->run()
10 SYSTEMPATH\Boot.php(68): CodeIgniter\Boot::runCodeIgniter(Object(CodeIgniter\CodeIgniter))
11 FCPATH\index.php(59): CodeIgniter\Boot::bootWeb(Object(Config\Paths))
CRITICAL - 2026-10-09 17:54:15 --> CodeIgniter\Exceptions\CriticalError: The required PHP extension "sqlite3" is not loaded. Install and enable it to use "SQLite3" driver.
[Method: CLI, Route: migrate]
in SYSTEMPATH\Database\Database.php on line 186.
 1 SYSTEMPATH\Database\Database.php(59): CodeIgniter\Database\Database->checkDbExtension('SQLite3')
 2 SYSTEMPATH\Database\Config.php(82): CodeIgniter\Database\Database->load([...], 'default')
 3 SYSTEMPATH\Common.php(403): CodeIgniter\Database\Config::connect('default', true)
 4 SYSTEMPATH\Database\MigrationRunner.php(156): db_connect(null)
 5 SYSTEMPATH\Config\Services.php(421): CodeIgniter\Database\MigrationRunner->__construct(Object(Config\Migrations), null)
 6 SYSTEMPATH\Config\BaseService.php(325): CodeIgniter\Config\Services::migrations(Object(Config\Migrations), null, false)
 7 SYSTEMPATH\Config\BaseService.php(264): CodeIgniter\Config\BaseService::__callStatic('migrations', [...])
 8 SYSTEMPATH\Config\Services.php(416): CodeIgniter\Config\BaseService::getSharedInstance('migrations', null, null)
 9 SYSTEMPATH\Config\BaseService.php(334): CodeIgniter\Config\Services::migrations()
10 SYSTEMPATH\Config\BaseService.php(203): CodeIgniter\Config\BaseService::__callStatic('migrations', [])
11 SYSTEMPATH\Common.php(1096): CodeIgniter\Config\BaseService::get('migrations')
12 SYSTEMPATH\Commands\Database\Migrate.php(73): service('migrations')
13 SYSTEMPATH\CLI\Commands.php(72): CodeIgniter\Commands\Database\Migrate->run([])
14 SYSTEMPATH\CLI\Console.php(47): CodeIgniter\CLI\Commands->run('migrate', [])
15 SYSTEMPATH\Boot.php(444): CodeIgniter\CLI\Console->run()
16 SYSTEMPATH\Boot.php(166): CodeIgniter\Boot::runCommand(Object(CodeIgniter\CLI\Console))
17 ROOTPATH\spark(87): CodeIgniter\Boot::bootSpark(Object(Config\Paths))
DEBUG - 2026-10-09 17:58:03 --> Session: Class initialized using 'CodeIgniter\Session\Handlers\FileHandler' driver.
DEBUG - 2026-10-09 17:58:03 --> Session: Class initialized using 'CodeIgniter\Session\Handlers\FileHandler' driver.
DEBUG - 2026-10-09 17:58:04 --> Session: Class initialized using 'CodeIgniter\Session\Handlers\FileHandler' driver.
DEBUG - 2026-10-09 17:58:04 --> Session: Class initialized using 'CodeIgniter\Session\Handlers\FileHandler' driver.
DEBUG - 2026-10-09 17:58:28 --> Session: Class initialized using 'CodeIgniter\Session\Handlers\FileHandler' driver.
DEBUG - 2026-10-09 17:59:09 --> Session: Class initialized using 'CodeIgniter\Session\Handlers\FileHandler' driver.
DEBUG - 2026-10-09 17:59:13 --> Session: Class initialized using 'CodeIgniter\Session\Handlers\FileHandler' driver.
DEBUG - 2026-10-09 17:59:20 --> Session: Class initialized using 'CodeIgniter\Session\Handlers\FileHandler' driver.
DEBUG - 2026-10-09 17:59:25 --> Session: Class initialized using 'CodeIgniter\Session\Handlers\FileHandler' driver.
DEBUG - 2026-10-09 17:59:27 --> Session: Class initialized using 'CodeIgniter\Session\Handlers\FileHandler' driver.
DEBUG - 2026-10-09 17:59:29 --> Session: Class initialized using 'CodeIgniter\Session\Handlers\FileHandler' driver.
